// Jest Snapshot v1, https://goo.gl/fbAQLP

exports[`Layout should works properly should match snapshot: Layout_snapshot_1 1`] = `
<div
  class="MuiGrid-container-1"
>
  <div
    class="MuiGrid-item-2 MuiGrid-grid-xs-12-41"
  >
    <div
      class="MuiGrid-container-1 Item"
    >
      <div
        class="MuiGrid-item-2 MuiGrid-grid-xs-6-35 Chart"
        data-testid="chart"
      >
        <canvas
          height="150"
          width="300"
        />
      </div>
    </div>
  </div>
</div>
`;
